
> unicharm-operations_v8@0.0.0 build
> vite build

[36mvite v6.4.1 [32mbuilding for production...[36m[39m
transforming...
[32m✓[39m 2280 modules transformed.
node.exe : [31m✗[39m Build failed in 
4.83s
At C:\Program Files\nodejs\npm.ps1:29 
char:3
+   & $NODE_EXE $NPM_CLI_JS $args
+   ~~~~~~~~~~~~~~~~~~~~~~~~~~~~~
    + CategoryInfo          : NotSpecif 
   ied: ([31m✗[39m Build failed in 4  
  .83s:String) [], RemoteException
    + FullyQualifiedErrorId : NativeCom 
   mandError
 
[31merror during build:
[31m[vite-plugin-pwa:build] There was 
an error during the build:
  src/components/admin/DatabaseView.tsx 
(4:9): "FixedSizeList" is not exported 
by "node_modules/react-window/dist/react
-window.js", imported by 
"src/components/admin/DatabaseView.tsx".
Additionally, handling the error in the 
'buildEnd' hook caused the following 
error:
  src/components/admin/DatabaseView.tsx 
(4:9): "FixedSizeList" is not exported 
by "node_modules/react-window/dist/react
-window.js", imported by "src/components
/admin/DatabaseView.tsx".[31m
file: [36mC:/Users/makso/Downloads/unic
harm-operations_v8/src/components/admin/
DatabaseView.tsx:4:9[31m
[33m
2: import { useNavigate } from 
'react-router-dom';
3: // @ts-ignore
4: import { FixedSizeList } from 
'react-window';
            ^
5: const List = (FixedSizeList as any);
[31m
    at getRollupError (file:///C:/Users/
makso/Downloads/unicharm-operations_v8/n
ode_modules/rollup/dist/es/shared/parseA
st.js:401:41)
    at file:///C:/Users/makso/Downloads/
unicharm-operations_v8/node_modules/roll
up/dist/es/shared/node-entry.js:23347:39
    at async catchUnfinishedHookActions 
(file:///C:/Users/makso/Downloads/unicha
rm-operations_v8/node_modules/rollup/dis
t/es/shared/node-entry.js:22805:16)
    at async rollupInternal (file:///C:/
Users/makso/Downloads/unicharm-operation
s_v8/node_modules/rollup/dist/es/shared/
node-entry.js:23330:5)
    at async buildEnvironment (file:///C
:/Users/makso/Downloads/unicharm-operati
ons_v8/node_modules/vite/dist/node/chunk
s/dep-D4NMHUTW.js:46235:14)
    at async Object.defaultBuildApp [as 
buildApp] (file:///C:/Users/makso/Downlo
ads/unicharm-operations_v8/node_modules/
vite/dist/node/chunks/dep-D4NMHUTW.js:46
713:5)
    at async CAC.<anonymous> (file:///C:
/Users/makso/Downloads/unicharm-operatio
ns_v8/node_modules/vite/dist/node/cli.js
:863:7)[39m
