src/components/admin/StatsCards.tsx(2,69): error TS6133: 'GripVertical' is declared but its value is never read.
src/components/sheets/LoadingSheet.tsx(63,37): error TS6133: 'comments' is declared but its value is never read.
src/components/sheets/StagingSheet.tsx(43,37): error TS6133: 'comments' is declared but its value is never read.
src/components/sheets/StagingSheet.tsx(70,11): error TS6133: 'session' is declared but its value is never read.
src/components/sheets/StagingSheet.tsx(132,25): error TS2339: Property 'error' does not exist on type 'void'.
src/components/sheets/StagingSheet.tsx(138,25): error TS2339: Property 'error' does not exist on type 'void'.
src/components/sheets/StagingSheet.tsx(138,58): error TS2554: Expected 1 arguments, but got 2.
