src/components/sheets/StagingSheet.tsx(388,103): error TS2322: Type 'string | undefined' is not assignable to type 'Role | undefined'.
  Type 'string' is not assignable to type 'Role | undefined'.
src/components/sheets/StagingSheet.tsx(422,20): error TS2554: Expected 0 arguments, but got 1.
src/components/sheets/StagingSheet.tsx(444,20): error TS2554: Expected 0 arguments, but got 1.
src/pages/Settings.tsx(7,1): error TS6133: 'Button' is declared but its value is never read.
src/pages/Settings.tsx(9,1): error TS6192: All imports in import declaration are unused.
src/pages/Settings.tsx(17,12): error TS6133: 'isAddingUser' is declared but its value is never read.
src/pages/Settings.tsx(18,12): error TS6133: 'newUserLoading' is declared but its value is never read.
src/pages/Settings.tsx(27,11): error TS6133: 'handleEditUser' is declared but its value is never read.
src/pages/Settings.tsx(38,11): error TS6133: 'handleDeleteUser' is declared but its value is never read.
src/pages/Settings.tsx(51,11): error TS6133: 'handleApproveUser' is declared but its value is never read.
src/pages/Settings.tsx(65,11): error TS6133: 'handleSaveUser' is declared but its value is never read.
